{
  "policy": "TIMIT canonical TRAIN/TEST, SA1/SA2 excluded",
  "split_state": "generated-canonical",
  "lexicon_state": "regenerated",
  "train_utterances": 3696,
  "test_utterances": 1344,
  "train_speakers": 462,
  "test_speakers": 168,
  "core_test_utterances": 192
}
{
  "adjudication": {
    "features_changed": true,
    "model_changed": true
  },
  "canonical_split": {
    "core_test_utterances": 192,
    "lexicon_state": "regenerated",
    "policy": "TIMIT canonical TRAIN/TEST, SA1/SA2 excluded",
    "split_state": "generated-canonical",
    "test_fileids": 1344,
    "test_speakers": 168,
    "test_utterances": 1344,
    "train_fileids": 3696,
    "train_speakers": 462,
    "train_utterances": 3696
  },
  "design": "paired canonical-split training; dither is the only varying profile field",
  "jobs": 34,
  "results": {
    "dither-off": {
      "dither": false,
      "feature_tree_sha256": "469b21b02b94ddecd9f7385f52e1401600f0f42d5a00eafedc09857fa879206c",
      "model_tree_sha256": "c7d598d0e3cd41aae2048f4afb5988525d51a51b822a9419c85ef4590637b4fd",
      "resolved_config_sha256": "3c6af89a0e866f9a615181b37dae06eb1d6e6406b3aa6101f36cd3336b6f3f7e",
      "seed": 243
    },
    "dither-on": {
      "dither": true,
      "feature_tree_sha256": "510ebd512920178771b1fb7358be77824f94ae6218640ab555418d666f0bd030",
      "model_tree_sha256": "b05e33800ecf6f9f2a2a16813d5c94a3fa1bacedc5e0a064d65f71e19670f8b3",
      "resolved_config_sha256": "b08c91c277cc182e838cfbec2fd9de587a78115be25e7ec81d3cc8d3221ce67e",
      "seed": 243
    }
  },
  "schema_version": 1,
  "target": "ci-1g"
}
